// Jest Snapshot v1, https://goo.gl/fbAQLP

exports[`SearchSongButton Snapshot Matches the snapshot 1`] = `
<View
  style={
    Object {
      "backgroundColor": "#282828",
      "borderColor": "#383838",
      "borderRadius": 50,
      "borderWidth": 1,
      "flexDirection": "row",
      "height": 80,
      "justifyContent": "center",
      "marginLeft": 10,
      "marginRight": 10,
      "marginTop": 5,
      "paddingLeft": 30,
      "paddingRight": 30,
    }
  }
>
  <Text />
</View>
`;
