// Jest Snapshot v1, https://goo.gl/fbAQLP

exports[`LoginScreen Snapshot matches the snapshot 1`] = `
<View
  style={
    Object {
      "alignItems": "center",
      "backgroundColor": "#181818",
      "flex": 1,
      "justifyContent": "center",
    }
  }
/>
`;
