// Jest Snapshot v1, https://goo.gl/fbAQLP

exports[`SearchScreen Snapshot matches the snapshot 1`] = `
<View
  style={
    Object {
      "backgroundColor": "#181818",
      "flex": 1,
    }
  }
>
  <View
    style={
      Object {
        "borderColor": "#999999",
        "borderRadius": 50,
        "borderWidth": 1,
        "flex": 1,
        "flexDirection": "row",
        "margin": 10,
        "paddingLeft": 10,
        "paddingRight": 10,
      }
    }
  >
    <View
      style={
        Object {
          "alignItems": "center",
          "flex": 1,
          "justifyContent": "center",
        }
      }
    >
      <View
        accessible={true}
        isTVSelectable={true}
        onResponderGrant={[Function]}
        onResponderMove={[Function]}
        onResponderRelease={[Function]}
        onResponderTerminate={[Function]}
        onResponderTerminationRequest={[Function]}
        onStartShouldSetResponder={[Function]}
        style={
          Object {
            "opacity": 1,
          }
        }
        testID="searchButton"
      >
        <Text />
      </View>
    </View>
    <TextInput
      allowFontScaling={true}
      onChangeText={[Function]}
      onSubmitEditing={[Function]}
      placeholder="Search for a song"
      placeholderTextColor="gray"
      style={
        Object {
          "color": "#ffffff",
          "flex": 5,
          "fontSize": 25,
          "marginBottom": 5,
          "marginTop": 5,
        }
      }
      testID="searchInput"
      underlineColorAndroid="transparent"
    />
  </View>
  <Text />
  <View
    style={
      Object {
        "borderColor": "#383838",
        "color": "#282828",
        "flex": 11,
        "flexDirection": "column",
      }
    }
  />
</View>
`;
