// Jest Snapshot v1, https://goo.gl/fbAQLP

exports[`SplashScreen Snapshot matches the snapshot 1`] = `
<View
  style={
    Object {
      "alignItems": "center",
      "backgroundColor": "#181818",
      "flex": 1,
      "justifyContent": "center",
    }
  }
>
  <View
    style={
      Object {
        "alignItems": "center",
        "flex": 1,
        "flexDirection": "column",
        "justifyContent": "center",
      }
    }
  >
    <Text
      style={
        Object {
          "color": "white",
          "fontSize": 80,
          "margin": 10,
          "textAlign": "center",
        }
      }
    >
      QShare
    </Text>
  </View>
  <View
    style={
      Object {
        "flex": 1,
        "flexDirection": "column",
        "justifyContent": "center",
      }
    }
  >
    <View
      accessible={true}
      isTVSelectable={true}
      onResponderGrant={[Function]}
      onResponderMove={[Function]}
      onResponderRelease={[Function]}
      onResponderTerminate={[Function]}
      onResponderTerminationRequest={[Function]}
      onStartShouldSetResponder={[Function]}
      style={
        Object {
          "alignItems": "center",
          "backgroundColor": "#1db954",
          "borderColor": "#1df954",
          "borderRadius": 100,
          "borderWidth": 1,
          "height": 70,
          "justifyContent": "center",
          "margin": 5,
          "opacity": 1,
          "width": 250,
        }
      }
      testID="host"
    >
      <Text
        style={
          Object {
            "color": "white",
            "fontSize": 20,
          }
        }
      >
         Create a Room 
      </Text>
    </View>
    <View
      accessible={true}
      isTVSelectable={true}
      onResponderGrant={[Function]}
      onResponderMove={[Function]}
      onResponderRelease={[Function]}
      onResponderTerminate={[Function]}
      onResponderTerminationRequest={[Function]}
      onStartShouldSetResponder={[Function]}
      style={
        Object {
          "alignItems": "center",
          "backgroundColor": "#1db954",
          "borderColor": "#1df954",
          "borderRadius": 100,
          "borderWidth": 1,
          "height": 70,
          "justifyContent": "center",
          "margin": 5,
          "opacity": 1,
          "width": 250,
        }
      }
      testID="guest"
    >
      <Text
        style={
          Object {
            "color": "white",
            "fontSize": 20,
          }
        }
      >
         
        Join an Existing Room
         
      </Text>
    </View>
  </View>
  <View
    style={
      Object {
        "alignItems": "center",
        "bottom": 0,
        "left": 0,
        "paddingBottom": 10,
        "position": "absolute",
        "right": 0,
      }
    }
  >
    <Text
      style={
        Object {
          "color": "white",
          "fontSize": 15,
        }
      }
    >
       
      Created for PSS 2019, Uppsala University
       
    </Text>
  </View>
  <View
    style={
      Object {
        "backgroundColor": "#484848",
        "bottom": 0,
        "height": 0,
        "left": 0,
        "overflow": "hidden",
        "position": "absolute",
        "right": 0,
        "zIndex": 9999,
      }
    }
  >
    <View
      onLayout={[Function]}
      style={
        Object {
          "alignItems": "center",
          "backgroundColor": "#484848",
          "bottom": -9999,
          "flexDirection": "row",
          "justifyContent": "space-between",
          "left": 0,
          "position": "absolute",
          "right": 0,
        }
      }
    >
      <Text
        style={
          Array [
            Object {
              "flex": 1,
              "fontSize": 14,
              "paddingBottom": 14,
              "paddingLeft": 20,
              "paddingTop": 14,
            },
            Object {
              "color": "#FFFFFF",
            },
          ]
        }
      />
    </View>
  </View>
</View>
`;
